2026-07-29 18:13:50,551 | INFO | Hash verified successfully: Song2.mp3
2026-07-29 18:13:50,552 | INFO | File copied successfully: Song2.mp3
2026-07-29 18:13:50,552 | INFO | Backup completed of: []
2026-07-29 18:13:50,557 | INFO | Hash verified successfully: Song2.mp3
2026-07-29 18:13:50,557 | INFO | File copied successfully: Song2.mp3
2026-07-29 18:13:50,557 | INFO | Backup completed of: []
2026-07-29 18:13:50,562 | INFO | Hash verified successfully: Song2.mp3
2026-07-29 18:13:50,562 | INFO | File copied successfully: Song2.mp3
2026-07-29 18:13:50,563 | INFO | Backup completed of: []
2026-07-29 18:13:50,571 | INFO | Hash verified successfully: Song2.mp3
2026-07-29 18:13:50,572 | INFO | File copied successfully: Song2.mp3
2026-07-29 18:13:50,572 | INFO | Backup completed of: []
2026-07-29 18:13:50,577 | INFO | Hash verified successfully: Song2.mp3
2026-07-29 18:13:50,577 | INFO | File copied successfully: Song2.mp3
2026-07-29 18:13:50,577 | INFO | Backup completed of: []
2026-07-29 18:13:50,581 | INFO | Hash verified successfully: Song2.mp3
2026-07-29 18:13:50,581 | INFO | File copied successfully: Song2.mp3
2026-07-29 18:13:50,581 | INFO | Backup completed of: []
2026-07-29 18:13:50,586 | INFO | Hash verified successfully: Song2.mp3
2026-07-29 18:13:50,586 | INFO | File copied successfully: Song2.mp3
2026-07-29 18:13:50,587 | INFO | Backup completed of: []
2026-07-29 18:13:50,592 | INFO | Hash verified successfully: Song2.mp3
2026-07-29 18:13:50,592 | INFO | File copied successfully: Song2.mp3
2026-07-29 18:13:50,593 | INFO | Backup completed of: []
2026-07-29 18:13:50,597 | INFO | Hash verified successfully: Song2.mp3
2026-07-29 18:13:50,597 | INFO | File copied successfully: Song2.mp3
2026-07-29 18:13:50,598 | INFO | Backup completed of: []
2026-07-29 18:13:50,602 | INFO | Hash verified successfully: Song2.mp3
2026-07-29 18:13:50,602 | INFO | File copied successfully: Song2.mp3
2026-07-29 18:13:50,603 | INFO | Backup completed of: []
2026-07-29 18:13:50,606 | INFO | Hash verified successfully: Song2.mp3
2026-07-29 18:13:50,607 | INFO | File copied successfully: Song2.mp3
2026-07-29 18:13:50,607 | INFO | Backup completed of: []
2026-07-29 18:13:50,609 | INFO | Hash verified successfully: Song2.mp3
2026-07-29 18:13:50,610 | INFO | File copied successfully: Song2.mp3
2026-07-29 18:13:50,610 | INFO | Backup completed of: []
2026-07-30 14:40:23,740 | INFO | Hash verified successfully: Vacation_100(1).docx
2026-07-30 14:40:23,741 | INFO | File copied successfully: Vacation_100(1).docx
2026-07-30 14:40:23,743 | INFO | Hash verified successfully: Vacation_101(1).txt
2026-07-30 14:40:23,743 | INFO | File copied successfully: Vacation_101(1).txt
2026-07-30 14:40:23,745 | INFO | Hash verified successfully: Vacation_102(1).pptx
2026-07-30 14:40:23,745 | INFO | File copied successfully: Vacation_102(1).pptx
2026-07-30 14:40:23,747 | INFO | Hash verified successfully: Vacation_103(1).pdf
2026-07-30 14:40:23,747 | INFO | File copied successfully: Vacation_103(1).pdf
2026-07-30 14:40:23,749 | INFO | Hash verified successfully: Vacation_104(1).pdf
2026-07-30 14:40:23,749 | INFO | File copied successfully: Vacation_104(1).pdf
2026-07-30 14:40:23,750 | INFO | Hash verified successfully: Budget.xlsx
2026-07-30 14:40:23,750 | INFO | File copied successfully: Budget.xlsx
2026-07-30 14:40:23,752 | INFO | Hash verified successfully: Invoice.pdf
2026-07-30 14:40:23,752 | INFO | File copied successfully: Invoice.pdf
2026-07-30 14:40:23,753 | INFO | Hash verified successfully: Notes.docx
2026-07-30 14:40:23,754 | INFO | File copied successfully: Notes.docx
2026-07-30 14:40:23,757 | INFO | Hash verified successfully: Notes.pdf
2026-07-30 14:40:23,757 | INFO | File copied successfully: Notes.pdf
2026-07-30 14:40:23,760 | INFO | Hash verified successfully: Resume.pdf
2026-07-30 14:40:23,760 | INFO | File copied successfully: Resume.pdf
2026-07-30 14:40:23,763 | INFO | Hash verified successfully: Song1.mp3
2026-07-30 14:40:23,763 | INFO | File copied successfully: Song1.mp3
2026-07-30 14:40:23,768 | INFO | Hash verified successfully: Song2.mp3
2026-07-30 14:40:23,769 | INFO | File copied successfully: Song2.mp3
2026-07-30 14:40:23,769 | INFO | Backup completed
